// Jest Snapshot v1, https://goo.gl/fbAQLP

exports[`StyleSheet/compile atomic converts style to atomic CSS 1`] = `
Object {
  "r-animationDirection-1kmv48j": Object {
    "identifier": "r-animationDirection-1kmv48j",
    "property": "animationDirection",
    "rules": Array [
      ".r-animationDirection-1kmv48j{-webkit-animation-direction:alternate,alternate-reverse;animation-direction:alternate,alternate-reverse;}",
    ],
    "value": "[\\"alternate\\",\\"alternate-reverse\\"]",
  },
  "r-animationKeyframes-zacbmr": Object {
    "identifier": "r-animationKeyframes-zacbmr",
    "property": "animationKeyframes",
    "rules": Array [
      ".r-animationKeyframes-zacbmr{-webkit-animation-name:r-animation-8jhqzh,r-animation-5azpl5;animation-name:r-animation-8jhqzh,r-animation-5azpl5;}",
      "@-webkit-keyframes r-animation-8jhqzh{0%{top:0px;}50%{top:5px;}100%{top:10px;}}",
      "@keyframes r-animation-8jhqzh{0%{top:0px;}50%{top:5px;}100%{top:10px;}}",
      "@-webkit-keyframes r-animation-5azpl5{from{left:0px;}to{left:10px;}}",
      "@keyframes r-animation-5azpl5{from{left:0px;}to{left:10px;}}",
    ],
    "value": "[{\\"0%\\":{\\"top\\":0},\\"50%\\":{\\"top\\":5},\\"100%\\":{\\"top\\":10}},{\\"from\\":{\\"left\\":0},\\"to\\":{\\"left\\":10}}]",
  },
  "r-fontFamily-1qd0xha": Object {
    "identifier": "r-fontFamily-1qd0xha",
    "property": "fontFamily",
    "rules": Array [
      ".r-fontFamily-1qd0xha{font-family:system-ui,-apple-system,BlinkMacSystemFont,\\"Segoe UI\\",Roboto,Ubuntu,\\"Helvetica Neue\\",sans-serif;}",
    ],
    "value": "System",
  },
  "r-marginHorizontal-vlx1xi": Object {
    "identifier": "r-marginHorizontal-vlx1xi",
    "property": "marginHorizontal",
    "rules": Array [
      ".r-marginHorizontal-vlx1xi{margin-left:10px;margin-right:10px;}",
    ],
    "value": "10px",
  },
  "r-placeholderTextColor-1418aci": Object {
    "identifier": "r-placeholderTextColor-1418aci",
    "property": "placeholderTextColor",
    "rules": Array [
      ".r-placeholderTextColor-1418aci::-webkit-input-placeholder{color:rgba(128,128,128,1.00);opacity:1;}",
      ".r-placeholderTextColor-1418aci::-moz-placeholder{color:rgba(128,128,128,1.00);opacity:1;}",
      ".r-placeholderTextColor-1418aci:-ms-input-placeholder{color:rgba(128,128,128,1.00);opacity:1;}",
      ".r-placeholderTextColor-1418aci::placeholder{color:rgba(128,128,128,1.00);opacity:1;}",
    ],
    "value": "gray",
  },
  "r-pointerEvents-ah5dr5": Object {
    "identifier": "r-pointerEvents-ah5dr5",
    "property": "pointerEvents",
    "rules": Array [
      ".r-pointerEvents-ah5dr5>*{pointer-events:none;}",
      ".r-pointerEvents-ah5dr5{pointer-events:auto!important;}",
    ],
    "value": "box-only",
  },
  "r-scrollbarWidth-2eszeu": Object {
    "identifier": "r-scrollbarWidth-2eszeu",
    "property": "scrollbarWidth",
    "rules": Array [
      ".r-scrollbarWidth-2eszeu::-webkit-scrollbar{display:none}",
      ".r-scrollbarWidth-2eszeu{overflow:-moz-scrollbars-none;-ms-overflow-style:none;scrollbar-width:none;}",
    ],
    "value": "none",
  },
  "r-transform-1ehiua4": Object {
    "identifier": "r-transform-1ehiua4",
    "property": "transform",
    "rules": Array [
      ".r-transform-1ehiua4{-webkit-transform:translateX(50px);transform:translateX(50px);}",
    ],
    "value": "[{\\"translateX\\":50,\\"scale\\":-1}]",
  },
}
`;

exports[`StyleSheet/compile classic converts style to classic CSS 1`] = `
Object {
  "css-text-1jr0ypv": Object {
    "identifier": "css-text-1jr0ypv",
    "rules": Array [
      "@-webkit-keyframes r-animation-8jhqzh{0%{top:0px;}50%{top:5px;}100%{top:10px;}}",
      "@keyframes r-animation-8jhqzh{0%{top:0px;}50%{top:5px;}100%{top:10px;}}",
      "@-webkit-keyframes r-animation-5azpl5{from{left:0px;}to{left:10px;}}",
      "@keyframes r-animation-5azpl5{from{left:0px;}to{left:10px;}}",
      ".css-text-1jr0ypv{-webkit-animation-direction:alternate,alternate-reverse;-webkit-animation-name:r-animation-8jhqzh,r-animation-5azpl5;-webkit-transform:translateX(50px);animation-direction:alternate,alternate-reverse;animation-name:r-animation-8jhqzh,r-animation-5azpl5;font:14px system-ui,-apple-system,BlinkMacSystemFont,\\"Segoe UI\\",Roboto,Ubuntu,\\"Helvetica Neue\\",sans-serif;margin-left:10px;margin-right:10px;transform:translateX(50px);}",
    ],
  },
}
`;

exports[`StyleSheet/compile inline converts style to inline styles 1`] = `
Object {
  "WebkitFlexShrink": 1,
  "display": "flex",
  "flexShrink": 1,
  "marginLeft": "10px",
  "marginRight": "10px",
  "msFlexNegative": 1,
}
`;
