// Jest Snapshot v1, https://goo.gl/fbAQLP

exports[`components/Button prop "accessibilityLabel" 1`] = `
<div
  aria-label="accessibility label"
  class="css-view-175oi2r r-transitionProperty-1i6wzkk r-userSelect-lrvibr r-cursor-1loqt21 r-touchAction-1otgn73 r-backgroundColor-14sbq61 r-borderRadius-1jkafct"
  role="button"
  style="transition-duration: 0s;"
  tabindex="0"
>
  <div
    class="css-text-1rynq56 r-color-jwli3a r-fontWeight-majxgm r-padding-edyy15 r-textAlign-q4m81j r-textTransform-tsynxw"
    dir="auto"
  />
</div>
`;

exports[`components/Button prop "color" 1`] = `
<div
  class="css-view-175oi2r r-transitionProperty-1i6wzkk r-userSelect-lrvibr r-cursor-1loqt21 r-touchAction-1otgn73 r-borderRadius-1jkafct"
  role="button"
  style="background-color: rgb(0, 0, 255); transition-duration: 0s;"
  tabindex="0"
>
  <div
    class="css-text-1rynq56 r-color-jwli3a r-fontWeight-majxgm r-padding-edyy15 r-textAlign-q4m81j r-textTransform-tsynxw"
    dir="auto"
  />
</div>
`;

exports[`components/Button prop "disabled" 1`] = `
<div
  aria-disabled="true"
  class="css-view-175oi2r r-transitionProperty-1i6wzkk r-userSelect-lrvibr r-borderRadius-1jkafct r-backgroundColor-11mpjr4 r-pointerEvents-633pao"
  role="button"
  style="transition-duration: 0s;"
  tabindex="-1"
>
  <div
    class="css-text-1rynq56 r-fontWeight-majxgm r-padding-edyy15 r-textAlign-q4m81j r-textTransform-tsynxw r-color-c68hjy"
    dir="auto"
  />
</div>
`;

exports[`components/Button prop "testID" 1`] = `
<div
  class="css-view-175oi2r r-transitionProperty-1i6wzkk r-userSelect-lrvibr r-cursor-1loqt21 r-touchAction-1otgn73 r-backgroundColor-14sbq61 r-borderRadius-1jkafct"
  data-testid="123"
  role="button"
  style="transition-duration: 0s;"
  tabindex="0"
>
  <div
    class="css-text-1rynq56 r-color-jwli3a r-fontWeight-majxgm r-padding-edyy15 r-textAlign-q4m81j r-textTransform-tsynxw"
    dir="auto"
  />
</div>
`;

exports[`components/Button prop "title" 1`] = `
<div
  class="css-view-175oi2r r-transitionProperty-1i6wzkk r-userSelect-lrvibr r-cursor-1loqt21 r-touchAction-1otgn73 r-backgroundColor-14sbq61 r-borderRadius-1jkafct"
  role="button"
  style="transition-duration: 0s;"
  tabindex="0"
>
  <div
    class="css-text-1rynq56 r-color-jwli3a r-fontWeight-majxgm r-padding-edyy15 r-textAlign-q4m81j r-textTransform-tsynxw"
    dir="auto"
  >
    Click me
  </div>
</div>
`;
