// Jest Snapshot v1, https://goo.gl/fbAQLP

exports[`components/Image prop "accessibilityLabel" 1`] = `
<div
  aria-label="accessibilityLabel"
  class="css-view-175oi2r r-flexBasis-1mlwlqe r-overflow-1udh08x r-zIndex-417010"
>
  <div
    class="css-view-175oi2r r-backgroundColor-1niwhzg r-backgroundPosition-vvn4in r-backgroundRepeat-u6sd8q r-bottom-1p0dtai r-height-1pi2tsx r-left-1d2f490 r-position-u8s1d r-right-zchlnj r-top-ipm5af r-width-13qz1uu r-zIndex-1wyyakw r-backgroundSize-4gszlv"
    style="background-image: url(https://google.com/favicon.ico);"
  />
  <img
    alt="accessibilityLabel"
    class="css-accessibilityImage-9pa8cd"
    draggable="false"
    src="https://google.com/favicon.ico"
  />
</div>
`;

exports[`components/Image prop "blurRadius" 1`] = `
<div
  class="css-view-175oi2r r-flexBasis-1mlwlqe r-overflow-1udh08x r-zIndex-417010"
>
  <div
    class="css-view-175oi2r r-backgroundColor-1niwhzg r-backgroundPosition-vvn4in r-backgroundRepeat-u6sd8q r-bottom-1p0dtai r-height-1pi2tsx r-left-1d2f490 r-position-u8s1d r-right-zchlnj r-top-ipm5af r-width-13qz1uu r-zIndex-1wyyakw r-backgroundSize-4gszlv"
    style="background-image: url(https://google.com/favicon.ico); filter: blur(5px);"
  />
  <img
    alt=""
    class="css-accessibilityImage-9pa8cd"
    draggable="false"
    src="https://google.com/favicon.ico"
  />
</div>
`;

exports[`components/Image prop "defaultSource" does not override "height" and "width" styles 1`] = `
<div
  class="css-view-175oi2r r-flexBasis-1mlwlqe r-overflow-1udh08x r-zIndex-417010"
  style="height: 20px; width: 40px;"
>
  <div
    class="css-view-175oi2r r-backgroundColor-1niwhzg r-backgroundPosition-vvn4in r-backgroundRepeat-u6sd8q r-bottom-1p0dtai r-height-1pi2tsx r-left-1d2f490 r-position-u8s1d r-right-zchlnj r-top-ipm5af r-width-13qz1uu r-zIndex-1wyyakw r-backgroundSize-4gszlv"
    style="background-image: url(https://google.com/favicon.ico);"
  />
  <img
    alt=""
    class="css-accessibilityImage-9pa8cd"
    draggable="false"
    src="https://google.com/favicon.ico"
  />
</div>
`;

exports[`components/Image prop "defaultSource" sets "height" and "width" styles if missing 1`] = `
<div
  class="css-view-175oi2r r-flexBasis-1mlwlqe r-overflow-1udh08x r-zIndex-417010"
  style="height: 10px; width: 20px;"
>
  <div
    class="css-view-175oi2r r-backgroundColor-1niwhzg r-backgroundPosition-vvn4in r-backgroundRepeat-u6sd8q r-bottom-1p0dtai r-height-1pi2tsx r-left-1d2f490 r-position-u8s1d r-right-zchlnj r-top-ipm5af r-width-13qz1uu r-zIndex-1wyyakw r-backgroundSize-4gszlv"
    style="background-image: url(https://google.com/favicon.ico);"
  />
  <img
    alt=""
    class="css-accessibilityImage-9pa8cd"
    draggable="false"
    src="https://google.com/favicon.ico"
  />
</div>
`;

exports[`components/Image prop "defaultSource" sets background image when value is a string 1`] = `
<div
  class="css-view-175oi2r r-flexBasis-1mlwlqe r-overflow-1udh08x r-zIndex-417010"
>
  <div
    class="css-view-175oi2r r-backgroundColor-1niwhzg r-backgroundPosition-vvn4in r-backgroundRepeat-u6sd8q r-bottom-1p0dtai r-height-1pi2tsx r-left-1d2f490 r-position-u8s1d r-right-zchlnj r-top-ipm5af r-width-13qz1uu r-zIndex-1wyyakw r-backgroundSize-4gszlv"
    style="background-image: url(https://google.com/favicon.ico);"
  />
  <img
    alt=""
    class="css-accessibilityImage-9pa8cd"
    draggable="false"
    src="https://google.com/favicon.ico"
  />
</div>
`;

exports[`components/Image prop "defaultSource" sets background image when value is an object 1`] = `
<div
  class="css-view-175oi2r r-flexBasis-1mlwlqe r-overflow-1udh08x r-zIndex-417010"
>
  <div
    class="css-view-175oi2r r-backgroundColor-1niwhzg r-backgroundPosition-vvn4in r-backgroundRepeat-u6sd8q r-bottom-1p0dtai r-height-1pi2tsx r-left-1d2f490 r-position-u8s1d r-right-zchlnj r-top-ipm5af r-width-13qz1uu r-zIndex-1wyyakw r-backgroundSize-4gszlv"
    style="background-image: url(https://google.com/favicon.ico);"
  />
  <img
    alt=""
    class="css-accessibilityImage-9pa8cd"
    draggable="false"
    src="https://google.com/favicon.ico"
  />
</div>
`;

exports[`components/Image prop "draggable" 1`] = `
<div
  class="css-view-175oi2r r-flexBasis-1mlwlqe r-overflow-1udh08x r-zIndex-417010"
>
  <div
    class="css-view-175oi2r r-backgroundColor-1niwhzg r-backgroundPosition-vvn4in r-backgroundRepeat-u6sd8q r-bottom-1p0dtai r-height-1pi2tsx r-left-1d2f490 r-position-u8s1d r-right-zchlnj r-top-ipm5af r-width-13qz1uu r-zIndex-1wyyakw r-backgroundSize-4gszlv"
    style="background-image: url(https://google.com/favicon.ico);"
  />
  <img
    alt=""
    class="css-accessibilityImage-9pa8cd"
    draggable="true"
    src="https://google.com/favicon.ico"
  />
</div>
`;

exports[`components/Image prop "focusable" 1`] = `
<div
  class="css-view-175oi2r r-flexBasis-1mlwlqe r-overflow-1udh08x r-zIndex-417010"
  tabindex="0"
>
  <div
    class="css-view-175oi2r r-backgroundColor-1niwhzg r-backgroundPosition-vvn4in r-backgroundRepeat-u6sd8q r-bottom-1p0dtai r-height-1pi2tsx r-left-1d2f490 r-position-u8s1d r-right-zchlnj r-top-ipm5af r-width-13qz1uu r-zIndex-1wyyakw r-backgroundSize-4gszlv"
  />
</div>
`;

exports[`components/Image prop "nativeID" 1`] = `
<div
  class="css-view-175oi2r r-flexBasis-1mlwlqe r-overflow-1udh08x r-zIndex-417010"
  id="nativeID"
>
  <div
    class="css-view-175oi2r r-backgroundColor-1niwhzg r-backgroundPosition-vvn4in r-backgroundRepeat-u6sd8q r-bottom-1p0dtai r-height-1pi2tsx r-left-1d2f490 r-position-u8s1d r-right-zchlnj r-top-ipm5af r-width-13qz1uu r-zIndex-1wyyakw r-backgroundSize-4gszlv"
  />
</div>
`;

exports[`components/Image prop "resizeMode" value "contain" 1`] = `
<div
  class="css-view-175oi2r r-flexBasis-1mlwlqe r-overflow-1udh08x r-zIndex-417010"
>
  <div
    class="css-view-175oi2r r-backgroundColor-1niwhzg r-backgroundPosition-vvn4in r-backgroundRepeat-u6sd8q r-bottom-1p0dtai r-height-1pi2tsx r-left-1d2f490 r-position-u8s1d r-right-zchlnj r-top-ipm5af r-width-13qz1uu r-zIndex-1wyyakw r-backgroundSize-ehq7j7"
  />
</div>
`;

exports[`components/Image prop "resizeMode" value "cover" 1`] = `
<div
  class="css-view-175oi2r r-flexBasis-1mlwlqe r-overflow-1udh08x r-zIndex-417010"
>
  <div
    class="css-view-175oi2r r-backgroundColor-1niwhzg r-backgroundPosition-vvn4in r-backgroundRepeat-u6sd8q r-bottom-1p0dtai r-height-1pi2tsx r-left-1d2f490 r-position-u8s1d r-right-zchlnj r-top-ipm5af r-width-13qz1uu r-zIndex-1wyyakw r-backgroundSize-4gszlv"
  />
</div>
`;

exports[`components/Image prop "resizeMode" value "none" 1`] = `
<div
  class="css-view-175oi2r r-flexBasis-1mlwlqe r-overflow-1udh08x r-zIndex-417010"
>
  <div
    class="css-view-175oi2r r-backgroundColor-1niwhzg r-backgroundRepeat-u6sd8q r-bottom-1p0dtai r-height-1pi2tsx r-left-1d2f490 r-position-u8s1d r-right-zchlnj r-top-ipm5af r-width-13qz1uu r-zIndex-1wyyakw r-backgroundPosition-1mrlafo r-backgroundSize-1sxrcry"
  />
</div>
`;

exports[`components/Image prop "resizeMode" value "repeat" 1`] = `
<div
  class="css-view-175oi2r r-flexBasis-1mlwlqe r-overflow-1udh08x r-zIndex-417010"
>
  <div
    class="css-view-175oi2r r-backgroundColor-1niwhzg r-bottom-1p0dtai r-height-1pi2tsx r-left-1d2f490 r-position-u8s1d r-right-zchlnj r-top-ipm5af r-width-13qz1uu r-zIndex-1wyyakw r-backgroundPosition-1mrlafo r-backgroundRepeat-17leim2 r-backgroundSize-1sxrcry"
  />
</div>
`;

exports[`components/Image prop "resizeMode" value "stretch" 1`] = `
<div
  class="css-view-175oi2r r-flexBasis-1mlwlqe r-overflow-1udh08x r-zIndex-417010"
>
  <div
    class="css-view-175oi2r r-backgroundColor-1niwhzg r-backgroundPosition-vvn4in r-backgroundRepeat-u6sd8q r-bottom-1p0dtai r-height-1pi2tsx r-left-1d2f490 r-position-u8s1d r-right-zchlnj r-top-ipm5af r-width-13qz1uu r-zIndex-1wyyakw r-backgroundSize-x3cy2q"
  />
</div>
`;

exports[`components/Image prop "resizeMode" value "undefined" 1`] = `
<div
  class="css-view-175oi2r r-flexBasis-1mlwlqe r-overflow-1udh08x r-zIndex-417010"
>
  <div
    class="css-view-175oi2r r-backgroundColor-1niwhzg r-backgroundPosition-vvn4in r-backgroundRepeat-u6sd8q r-bottom-1p0dtai r-height-1pi2tsx r-left-1d2f490 r-position-u8s1d r-right-zchlnj r-top-ipm5af r-width-13qz1uu r-zIndex-1wyyakw r-backgroundSize-4gszlv"
  />
</div>
`;

exports[`components/Image prop "source" is correctly updated only when loaded if defaultSource provided 1`] = `
<div
  class="css-view-175oi2r r-flexBasis-1mlwlqe r-overflow-1udh08x r-zIndex-417010"
>
  <div
    class="css-view-175oi2r r-backgroundColor-1niwhzg r-backgroundPosition-vvn4in r-backgroundRepeat-u6sd8q r-bottom-1p0dtai r-height-1pi2tsx r-left-1d2f490 r-position-u8s1d r-right-zchlnj r-top-ipm5af r-width-13qz1uu r-zIndex-1wyyakw r-backgroundSize-4gszlv"
    style="background-image: url(https://testing.com/preview.jpg);"
  />
  <img
    alt=""
    class="css-accessibilityImage-9pa8cd"
    draggable="false"
    src="https://testing.com/preview.jpg"
  />
</div>
`;

exports[`components/Image prop "source" is correctly updated only when loaded if defaultSource provided 2`] = `
<div
  class="css-view-175oi2r r-flexBasis-1mlwlqe r-overflow-1udh08x r-zIndex-417010"
>
  <div
    class="css-view-175oi2r r-backgroundColor-1niwhzg r-backgroundPosition-vvn4in r-backgroundRepeat-u6sd8q r-bottom-1p0dtai r-height-1pi2tsx r-left-1d2f490 r-position-u8s1d r-right-zchlnj r-top-ipm5af r-width-13qz1uu r-zIndex-1wyyakw r-backgroundSize-4gszlv"
    style="background-image: url(https://testing.com/fullSize.jpg);"
  />
  <img
    alt=""
    class="css-accessibilityImage-9pa8cd"
    draggable="false"
    src="https://testing.com/fullSize.jpg"
  />
</div>
`;

exports[`components/Image prop "source" is correctly updated when missing in initial render 1`] = `
<div
  class="css-view-175oi2r r-flexBasis-1mlwlqe r-overflow-1udh08x r-zIndex-417010"
>
  <div
    class="css-view-175oi2r r-backgroundColor-1niwhzg r-backgroundPosition-vvn4in r-backgroundRepeat-u6sd8q r-bottom-1p0dtai r-height-1pi2tsx r-left-1d2f490 r-position-u8s1d r-right-zchlnj r-top-ipm5af r-width-13qz1uu r-zIndex-1wyyakw r-backgroundSize-4gszlv"
    style="background-image: url(https://testing.com/img.jpg);"
  />
  <img
    alt=""
    class="css-accessibilityImage-9pa8cd"
    draggable="false"
    src="https://testing.com/img.jpg"
  />
</div>
`;

exports[`components/Image prop "source" is not set immediately if the image has not already been loaded 1`] = `
<div
  class="css-view-175oi2r r-flexBasis-1mlwlqe r-overflow-1udh08x r-zIndex-417010"
>
  <div
    class="css-view-175oi2r r-backgroundColor-1niwhzg r-backgroundPosition-vvn4in r-backgroundRepeat-u6sd8q r-bottom-1p0dtai r-height-1pi2tsx r-left-1d2f490 r-position-u8s1d r-right-zchlnj r-top-ipm5af r-width-13qz1uu r-zIndex-1wyyakw r-backgroundSize-4gszlv"
    style="background-image: url(https://google.com/favicon.ico);"
  />
  <img
    alt=""
    class="css-accessibilityImage-9pa8cd"
    draggable="false"
    src="https://google.com/favicon.ico"
  />
</div>
`;

exports[`components/Image prop "source" is set immediately if the image has already been loaded 1`] = `
<div
  class="css-view-175oi2r r-flexBasis-1mlwlqe r-overflow-1udh08x r-zIndex-417010"
>
  <div
    class="css-view-175oi2r r-backgroundColor-1niwhzg r-backgroundPosition-vvn4in r-backgroundRepeat-u6sd8q r-bottom-1p0dtai r-height-1pi2tsx r-left-1d2f490 r-position-u8s1d r-right-zchlnj r-top-ipm5af r-width-13qz1uu r-zIndex-1wyyakw r-backgroundSize-4gszlv"
    style="background-image: url(https://google.com/favicon.ico);"
  />
  <img
    alt=""
    class="css-accessibilityImage-9pa8cd"
    draggable="false"
    src="https://google.com/favicon.ico"
  />
</div>
`;

exports[`components/Image prop "source" is set immediately if the image has already been loaded 2`] = `
<div
  class="css-view-175oi2r r-flexBasis-1mlwlqe r-overflow-1udh08x r-zIndex-417010"
>
  <div
    class="css-view-175oi2r r-backgroundColor-1niwhzg r-backgroundPosition-vvn4in r-backgroundRepeat-u6sd8q r-bottom-1p0dtai r-height-1pi2tsx r-left-1d2f490 r-position-u8s1d r-right-zchlnj r-top-ipm5af r-width-13qz1uu r-zIndex-1wyyakw r-backgroundSize-4gszlv"
    style="background-image: url(https://twitter.com/favicon.ico);"
  />
  <img
    alt=""
    class="css-accessibilityImage-9pa8cd"
    draggable="false"
    src="https://twitter.com/favicon.ico"
  />
</div>
`;

exports[`components/Image prop "source" is set immediately if the image was preloaded 1`] = `
<div
  class="css-view-175oi2r r-flexBasis-1mlwlqe r-overflow-1udh08x r-zIndex-417010"
>
  <div
    class="css-view-175oi2r r-backgroundColor-1niwhzg r-backgroundPosition-vvn4in r-backgroundRepeat-u6sd8q r-bottom-1p0dtai r-height-1pi2tsx r-left-1d2f490 r-position-u8s1d r-right-zchlnj r-top-ipm5af r-width-13qz1uu r-zIndex-1wyyakw r-backgroundSize-4gszlv"
    style="background-image: url(https://yahoo.com/favicon.ico);"
  />
  <img
    alt=""
    class="css-accessibilityImage-9pa8cd"
    draggable="false"
    src="https://yahoo.com/favicon.ico"
  />
</div>
`;

exports[`components/Image prop "style" removes other unsupported View styles 1`] = `
<div
  class="css-view-175oi2r r-flexBasis-1mlwlqe r-overflow-1udh08x r-zIndex-417010"
>
  <div
    class="css-view-175oi2r r-backgroundColor-1niwhzg r-backgroundPosition-vvn4in r-backgroundRepeat-u6sd8q r-bottom-1p0dtai r-height-1pi2tsx r-left-1d2f490 r-position-u8s1d r-right-zchlnj r-top-ipm5af r-width-13qz1uu r-zIndex-1wyyakw r-backgroundSize-4gszlv"
    style="filter: url(#tint-57);"
  />
  <svg
    style="position: absolute; height: 0px; visibility: hidden; width: 0px;"
  >
    <defs>
      <filter
        id="tint-57"
      >
        <feflood
          flood-color="blue"
        />
        <fecomposite
          in2="SourceAlpha"
          operator="atop"
        />
      </filter>
    </defs>
  </svg>
</div>
`;

exports[`components/Image prop "style" supports "resizeMode" property 1`] = `
<div
  class="css-view-175oi2r r-flexBasis-1mlwlqe r-overflow-1udh08x r-zIndex-417010"
>
  <div
    class="css-view-175oi2r r-backgroundColor-1niwhzg r-backgroundPosition-vvn4in r-backgroundRepeat-u6sd8q r-bottom-1p0dtai r-height-1pi2tsx r-left-1d2f490 r-position-u8s1d r-right-zchlnj r-top-ipm5af r-width-13qz1uu r-zIndex-1wyyakw r-backgroundSize-ehq7j7"
  />
</div>
`;

exports[`components/Image prop "style" supports "shadow" properties (convert to filter) 1`] = `
<div
  class="css-view-175oi2r r-flexBasis-1mlwlqe r-overflow-1udh08x r-zIndex-417010"
>
  <div
    class="css-view-175oi2r r-backgroundColor-1niwhzg r-backgroundPosition-vvn4in r-backgroundRepeat-u6sd8q r-bottom-1p0dtai r-height-1pi2tsx r-left-1d2f490 r-position-u8s1d r-right-zchlnj r-top-ipm5af r-width-13qz1uu r-zIndex-1wyyakw r-backgroundSize-4gszlv"
    style="filter: drop-shadow(1px 1px 0px rgba(255,0,0,1.00));"
  />
</div>
`;

exports[`components/Image prop "style" supports "tintcolor" property (convert to filter) 1`] = `
<div
  class="css-view-175oi2r r-flexBasis-1mlwlqe r-overflow-1udh08x r-zIndex-417010"
>
  <div
    class="css-view-175oi2r r-backgroundColor-1niwhzg r-backgroundPosition-vvn4in r-backgroundRepeat-u6sd8q r-bottom-1p0dtai r-height-1pi2tsx r-left-1d2f490 r-position-u8s1d r-right-zchlnj r-top-ipm5af r-width-13qz1uu r-zIndex-1wyyakw r-backgroundSize-4gszlv"
    style="background-image: url(https://google.com/favicon.ico); filter: url(#tint-56);"
  />
  <img
    alt=""
    class="css-accessibilityImage-9pa8cd"
    draggable="false"
    src="https://google.com/favicon.ico"
  />
  <svg
    style="position: absolute; height: 0px; visibility: hidden; width: 0px;"
  >
    <defs>
      <filter
        id="tint-56"
      >
        <feflood
          flood-color="red"
        />
        <fecomposite
          in2="SourceAlpha"
          operator="atop"
        />
      </filter>
    </defs>
  </svg>
</div>
`;

exports[`components/Image prop "testID" 1`] = `
<div
  class="css-view-175oi2r r-flexBasis-1mlwlqe r-overflow-1udh08x r-zIndex-417010"
  data-testid="testID"
>
  <div
    class="css-view-175oi2r r-backgroundColor-1niwhzg r-backgroundPosition-vvn4in r-backgroundRepeat-u6sd8q r-bottom-1p0dtai r-height-1pi2tsx r-left-1d2f490 r-position-u8s1d r-right-zchlnj r-top-ipm5af r-width-13qz1uu r-zIndex-1wyyakw r-backgroundSize-4gszlv"
  />
</div>
`;
