// Jest Snapshot v1, https://goo.gl/fbAQLP

exports[`modules/createDOMProps includes base reset style for browser-styled elements 1`] = `"css-reset-4rbku5"`;

exports[`modules/createDOMProps includes base reset style for browser-styled elements 2`] = `"css-reset-4rbku5"`;

exports[`modules/createDOMProps includes base reset style for browser-styled elements 3`] = `"css-reset-4rbku5"`;

exports[`modules/createDOMProps includes base reset style for browser-styled elements 4`] = `"css-reset-4rbku5"`;

exports[`modules/createDOMProps includes cursor style for pressable roles 1`] = `"css-cursor-18t94o4"`;

exports[`modules/createDOMProps includes cursor style for pressable roles 2`] = `"css-cursor-18t94o4"`;

exports[`modules/createDOMProps prop "accessibilityState" values are "false" 1`] = `
Object {
  "aria-busy": false,
  "aria-checked": false,
  "aria-expanded": false,
  "aria-grabbed": false,
  "aria-invalid": false,
  "aria-modal": false,
  "aria-pressed": false,
  "aria-readonly": false,
  "aria-required": false,
  "aria-selected": false,
}
`;

exports[`modules/createDOMProps prop "accessibilityState" values are "true" 1`] = `
Object {
  "aria-busy": true,
  "aria-checked": true,
  "aria-disabled": true,
  "aria-expanded": true,
  "aria-grabbed": true,
  "aria-hidden": true,
  "aria-invalid": true,
  "aria-modal": true,
  "aria-pressed": true,
  "aria-readonly": true,
  "aria-required": true,
  "aria-selected": true,
  "disabled": true,
  "hidden": true,
}
`;

exports[`modules/createDOMProps prop "accessibilityState" values are "undefined" 1`] = `Object {}`;
