// Jest Snapshot v1, https://goo.gl/fbAQLP

exports[`components/Modal visible when "false" a container is not rendered 1`] = `null`;

exports[`components/Modal visible when "true" a container is rendered 1`] = `
<div
  className="rn-alignItems-1oszu61 rn-backgroundColor-1ikg2hk rn-borderTopStyle-1efd50x rn-borderRightStyle-14skgim rn-borderBottomStyle-rull8r rn-borderLeftStyle-mm0ijv rn-borderTopWidth-13yce4e rn-borderRightWidth-fnigne rn-borderBottomWidth-ndvcnb rn-borderLeftWidth-gxnn5r rn-bottom-1p0dtai rn-boxSizing-deolkf rn-color-homxoj rn-display-6koalj rn-flexShrink-1qe8dj5 rn-flexBasis-1mlwlqe rn-flexDirection-eqz5dr rn-font-1lw9tu2 rn-left-1d2f490 rn-listStyle-1ebb2ja rn-marginTop-1mnahxq rn-marginRight-61z16t rn-marginBottom-p1pxzi rn-marginLeft-11wrixw rn-minHeight-ifefl9 rn-minWidth-bcqeeo rn-paddingTop-wk8lta rn-paddingRight-9aemit rn-paddingBottom-1mdbw0j rn-paddingLeft-gy4na3 rn-position-1xcajam rn-right-zchlnj rn-textAlign-1ttztb7 rn-textDecoration-bauka4 rn-top-ipm5af rn-zIndex-sfbmgh"
/>
`;
