// Jest Snapshot v1, https://goo.gl/fbAQLP

exports[`components/Picker prop "children" renders items 1`] = `
<select
  className="rn-fontFamily-poiln3 rn-fontSize-7cikom rn-marginTop-1mnahxq rn-marginRight-61z16t rn-marginBottom-p1pxzi rn-marginLeft-11wrixw"
  onChange={[Function]}
>
  <PickerItem
    label="label-1"
    value="value-1"
  />
  <PickerItem
    label="label-2"
    value="value-2"
  />
</select>
`;
